[
  {
    "function": "minecraft:set_components",
    "components": {

      "minecraft:custom_data": "{GOLDEN_BOOTS:true,rarity:true}"
    },
    "conditions": []
  },
  {
    "function": "minecraft:set_lore",
    "entity": "this",
    "lore": [
      "§7Defense: §a+5",
      " ",
      "§f§lCOMMON BOOTS"
    ],
    "mode": "replace_all"
  }
]